// Jest Snapshot v1, https://goo.gl/fbAQLP

exports[`<FullScreenDialog> スナップショット テスト 1`] = `<DocumentFragment />`;
