// Jest Snapshot v1, https://goo.gl/fbAQLP

exports[`<SnackAlert> スナップショット テスト 1`] = `
<DocumentFragment>
  <div />
</DocumentFragment>
`;
