// Jest Snapshot v1, https://goo.gl/fbAQLP

exports[`<Popper> スナップショット テスト 1`] = `<DocumentFragment />`;
